21:20:56.819 [main] DEBUG - Parsing relationship: /xl/_rels/workbook.xml.rels
21:20:56.827 [main] DEBUG - Parsing relationship: /_rels/.rels
21:21:17.046 [main] DEBUG - Parsing relationship: /xl/_rels/workbook.xml.rels
21:21:17.050 [main] DEBUG - Parsing relationship: /_rels/.rels
21:21:35.635 [main] DEBUG - Parsing relationship: /xl/_rels/workbook.xml.rels
21:21:35.639 [main] DEBUG - Parsing relationship: /_rels/.rels
23:05:31.660 [main] DEBUG - Parsing relationship: /xl/_rels/workbook.xml.rels
23:05:31.667 [main] DEBUG - Parsing relationship: /_rels/.rels
23:05:32.153 [main] TRACE - Loading type system org.apache.poi.schemas.ooxml.system.ooxml
23:05:32.158 [main] TRACE - Loading type system org.apache.xmlbeans.metadata.system.sXMLCONFIG
23:05:32.159 [main] TRACE - Loading type system org.apache.xmlbeans.metadata.system.sXMLLANG
23:05:32.160 [main] TRACE - Loading type system org.apache.xmlbeans.metadata.system.sXMLSCHEMA
23:05:32.160 [main] TRACE - Loading type system org.apache.xmlbeans.metadata.system.sXMLTOOLS
23:05:32.161 [main] TRACE - Reading unresolved handles for type system org.apache.xmlbeans.metadata.system.sXMLTOOLS
23:05:32.180 [main] TRACE - Finished loading type system org.apache.xmlbeans.metadata.system.sXMLTOOLS
23:05:32.181 [main] TRACE - Reading unresolved handles for type system org.apache.xmlbeans.metadata.system.sXMLSCHEMA
23:05:32.188 [main] TRACE - Finished loading type system org.apache.xmlbeans.metadata.system.sXMLSCHEMA
23:05:32.190 [main] TRACE - Reading unresolved handles for type system org.apache.xmlbeans.metadata.system.sXMLLANG
23:05:32.192 [main] TRACE - Finished loading type system org.apache.xmlbeans.metadata.system.sXMLLANG
23:05:32.194 [main] TRACE - Reading unresolved handles for type system org.apache.xmlbeans.metadata.system.sXMLCONFIG
23:05:32.196 [main] TRACE - Finished loading type system org.apache.xmlbeans.metadata.system.sXMLCONFIG
23:05:32.197 [main] TRACE - Reading unresolved handles for type system org.apache.poi.schemas.ooxml.system.ooxml
23:05:32.311 [main] TRACE - Finished loading type system org.apache.poi.schemas.ooxml.system.ooxml
23:05:32.312 [main] TRACE - Resolving type for handle themefd26doctype
23:05:32.430 [main] TRACE - Resolving type for handle stylesheet5d8bdoctype
23:05:32.437 [main] TRACE - Resolving type for handle ctstylesheet4257type
23:05:32.449 [main] TRACE - Resolving type for handle ctfonts6623type
23:05:32.455 [main] TRACE - Resolving type for handle ctfont14d8type
23:05:32.464 [main] TRACE - Resolving type for handle ctfills2c6ftype
23:05:32.471 [main] TRACE - Resolving type for handle ctfill550ctype
23:05:32.478 [main] TRACE - Resolving type for handle ctborders0d66type
23:05:32.485 [main] TRACE - Resolving type for handle ctborderf935type
23:05:32.497 [main] TRACE - Resolving type for handle ctcellxfs1322type
23:05:32.502 [main] TRACE - Resolving type for handle ctxf97f7type
23:05:32.505 [main] TRACE - Resolving type for handle ctcellstylexfsa81ftype
23:05:32.509 [main] TRACE - Resolving type for handle ctdxfsb26atype
23:05:32.513 [main] TRACE - Resolving type for handle cttablestyles872ftype
23:05:32.519 [main] TRACE - Resolving type for handle sstf81fdoctype
23:05:32.527 [main] TRACE - Resolving type for handle ctsst44f3type
23:05:32.637 [main] TRACE - Resolving type for handle ctrsta472type
23:05:32.704 [main] TRACE - Resolving type for handle workbookec17doctype
23:05:32.737 [main] TRACE - Resolving type for handle ctworkbook83c3type
23:05:32.820 [main] TRACE - Resolving type for handle ctsheets49fdtype
23:05:32.824 [main] TRACE - Resolving type for handle ctsheet4dbetype
23:05:32.827 [main] TRACE - Resolving type for handle strelationshipid1e94type
23:05:32.832 [main] TRACE - Resolving type for handle worksheetf539doctype
23:05:32.842 [main] TRACE - Resolving type for handle ctworksheet530dtype
23:05:32.849 [main] TRACE - Resolving type for handle ctsheetdata8408type
23:05:32.854 [main] TRACE - Resolving type for handle ctrowdd39type
23:05:32.861 [main] TRACE - Resolving type for handle ctcell842btype
23:05:32.870 [main] TRACE - Resolving type for handle stcellrefe4e0type
23:05:32.887 [main] TRACE - Resolving type for handle ctcols627ctype
23:05:32.893 [main] TRACE - Resolving type for handle ctcola95ftype
23:05:32.957 [main] TRACE - Resolving type for handle stxstringf179type
23:05:32.961 [main] TRACE - Resolving type for handle stcelltypebf95type
23:05:47.741 [main] DEBUG - Parsing relationship: /xl/_rels/workbook.xml.rels
23:05:47.743 [main] DEBUG - Parsing relationship: /_rels/.rels
23:06:07.223 [main] DEBUG - Parsing relationship: /xl/_rels/workbook.xml.rels
23:06:07.225 [main] DEBUG - Parsing relationship: /_rels/.rels
23:06:26.585 [main] DEBUG - Parsing relationship: /xl/_rels/workbook.xml.rels
23:06:26.587 [main] DEBUG - Parsing relationship: /_rels/.rels
